// Jest Snapshot v1, https://goo.gl/fbAQLP

exports[`WelcomePage should match snapshot 1`] = `
<section
  className="welcomePage"
>
  <article
    className="backGround"
  >
    <div
      className="welcomeContent"
    >
      <span
        className="welcomeHeader"
      >
        Welcome to Jest Do It
      </span>
      <h2
        className="subHeader"
      >
        An online resource for learning the testing framework Jest along with the testing utility Enzyme.
      </h2>
      <img
        alt="Jest Icon"
        className="welcomeImg"
        src="https://i.imgur.com/G1SZXAY.png"
      />
      <br />
      <form
        className="signInForm"
        data-test="start-quiz-btn"
      >
        <input
          className="nameInput"
          data-test="user-name-input"
          maxLength="15"
          placeholder="Enter your name to continue"
          type="text"
        />
        <input
          className="startGame"
          data-test="btn-start-quiz"
          type="submit"
          value="Start Game"
        />
      </form>
    </div>
  </article>
</section>
`;
