// Jest Snapshot v1, https://goo.gl/fbAQLP

exports[`CardsContainer should match snapshot 1`] = `
<section
  className="CardsContainer"
>
  <Cards
    answerResponse=""
    checkAnswer={[Function]}
    correctAnswer=".toThrow()"
    currentCard={
      Object {
        "correctAnswer": "CORRECT ANSWER",
        "id": 23,
        "link": "https://jestjs.io/docs/en/tutorial-jquery#docsNav",
        "linkName": "Testing Events",
        "onCorrectAnswer": "Thats correct!",
        "onIncorrectAnswer": "Thats incorrect. The correct answer is: .simulate().",
        "potentialAnswers": Array [
          ".simulate()",
          ".onClick()",
          ".click()",
          "All of the above",
        ],
        "question": "How would one test a button or an input?",
        "save": "false",
      }
    }
    id={30}
    key="30"
    nextCard={[Function]}
    onCorrectAnswer="Thats correct!"
    onIncorrectAnswer="Thats incorrect. The correct answer is: .toThrow()."
    potentialAnswers={
      Array [
        ".toThrow()",
        ".toThrowError()",
        ".throwsError()",
        ".expectError()",
      ]
    }
    question="If you want to test that a particular function throws an error when it's called, use:"
  />
</section>
`;
