// Jest Snapshot v1, https://goo.gl/fbAQLP

exports[`Cards should match the snapshot with all data passed in 1`] = `
<article
  className="questionCard"
>
  <section
    className="cardQuestion"
  >
    <h3>
      Jest is a JavaScript testing tool originally created by the developers at:
    </h3>
  </section>
  <section
    className="cardAnswers"
    onClick={[Function]}
  >
    <AnswerButtons
      answer="Facebook"
      key="Facebook"
    />
    <AnswerButtons
      answer="Twitter"
      key="Twitter"
    />
    <AnswerButtons
      answer="Airbnb"
      key="Airbnb"
    />
    <AnswerButtons
      answer="Microsoft"
      key="Microsoft"
    />
  </section>
  <section
    className="answerResponse"
  >
    <h3 />
  </section>
</article>
`;
